// Jest Snapshot v1, https://goo.gl/fbAQLP

exports[`BookList Component renders without crashing 1`] = `<ul />`;
