// Jest Snapshot v1, https://goo.gl/fbAQLP

exports[`BookItem Component renders without crashing 1`] = `<li />`;
